../Core/Src/main.c:92:6:HAL_UARTEx_RxEventCallback	40	static
../Core/Src/main.c:164:5:main	8	static
../Core/Src/main.c:268:6:SystemClock_Config	88	static
../Core/Src/main.c:308:13:MX_TIM1_Init	96	static
../Core/Src/main.c:387:13:MX_TIM2_Init	64	static
../Core/Src/main.c:446:13:MX_USART1_UART_Init	8	static
../Core/Src/main.c:479:13:MX_USART2_UART_Init	8	static
../Core/Src/main.c:510:13:MX_DMA_Init	16	static
../Core/Src/main.c:538:13:MX_GPIO_Init	32	static
../Core/Src/main.c:565:6:Error_Handler	4	static,ignoring_inline_asm
